FFMPEG_COMMAND:
C:\Users\Davor\AppData\Local\Microsoft\WinGet\Links\ffmpeg.EXE -y -hide_banner -loop 1 -framerate 30 -t 35.0 -i D:\drycured_promotion_2026_06\01_VIDEO_SHORTS\input\images\VID-001.png -ss 00:00:20 -t 35 -i D:\drycured_promotion_2026_06\01_VIDEO_SHORTS\input\audio\EP04_najcesce-greske-i-kako-ih-izbjeci.mp3 -filter_complex [0:v]split=2[bgsrc][cardsrc];[bgsrc]scale=1080:1920:force_original_aspect_ratio=increase,crop=1080:1920,gblur=sigma=30,setsar=1,drawbox=x=0:y=0:w=iw:h=ih:color=black@0.35:t=fill[bg];[cardsrc]scale=1020:790:force_original_aspect_ratio=decrease,format=rgba,drawbox=x=0:y=0:w=iw:h=ih:color=0xD39A3A@0.80:t=4,geq=r='r(X,Y)':g='g(X,Y)':b='b(X,Y)':a='if(lte(X,28)*lte(Y,28),if(lte(hypot(28-X,28-Y),28),255,0),if(gte(X,W-28)*lte(Y,28),if(lte(hypot(X-(W-28),28-Y),28),255,0),if(lte(X,28)*gte(Y,H-28),if(lte(hypot(28-X,Y-(H-28)),28),255,0),if(gte(X,W-28)*gte(Y,H-28),if(lte(hypot(X-(W-28),Y-(H-28)),28),255,0),255))))'[cover];[bg][cover]overlay=(W-w)/2:230:format=auto,setsar=1[v0];[v0]drawtext=fontfile='C\:/Windows/Fonts/arial.ttf':textfile='01_VIDEO_SHORTS/logs/VID-001_screen_01.txt':fontcolor=white:fontsize=66:line_spacing=18:x=(w-text_w)/2:y=1055-(text_h/2):box=1:boxcolor=black@0.28:boxborderw=28:enable='between(t,0.0,4.0)':alpha='if(lt(t,0.0+0.25),(t-0.0)/0.25,if(gt(t,4.0-0.25),(4.0-t)/0.25,1))'[v1];[v1]drawtext=fontfile='C\:/Windows/Fonts/arial.ttf':textfile='01_VIDEO_SHORTS/logs/VID-001_screen_02.txt':fontcolor=white:fontsize=56:line_spacing=18:x=(w-text_w)/2:y=1055-(text_h/2):box=1:boxcolor=black@0.28:boxborderw=28:enable='between(t,4.0,10.0)':alpha='if(lt(t,4.0+0.25),(t-4.0)/0.25,if(gt(t,10.0-0.25),(10.0-t)/0.25,1))'[v2];[v2]drawtext=fontfile='C\:/Windows/Fonts/arial.ttf':textfile='01_VIDEO_SHORTS/logs/VID-001_screen_03.txt':fontcolor=white:fontsize=56:line_spacing=18:x=(w-text_w)/2:y=1055-(text_h/2):box=1:boxcolor=black@0.28:boxborderw=28:enable='between(t,10.0,17.0)':alpha='if(lt(t,10.0+0.25),(t-10.0)/0.25,if(gt(t,17.0-0.25),(17.0-t)/0.25,1))'[v3];[v3]drawtext=fontfile='C\:/Windows/Fonts/arial.ttf':textfile='01_VIDEO_SHORTS/logs/VID-001_screen_04.txt':fontcolor=white:fontsize=56:line_spacing=18:x=(w-text_w)/2:y=1055-(text_h/2):box=1:boxcolor=black@0.28:boxborderw=28:enable='between(t,17.0,27.0)':alpha='if(lt(t,17.0+0.25),(t-17.0)/0.25,if(gt(t,27.0-0.25),(27.0-t)/0.25,1))'[v4];[v4]drawtext=fontfile='C\:/Windows/Fonts/arial.ttf':textfile='01_VIDEO_SHORTS/logs/VID-001_screen_05.txt':fontcolor=white:fontsize=62:line_spacing=18:x=(w-text_w)/2:y=1055-(text_h/2):box=1:boxcolor=black@0.28:boxborderw=28:enable='between(t,27.0,35.0)':alpha='if(lt(t,27.0+0.25),(t-27.0)/0.25,if(gt(t,35.0-0.25),(35.0-t)/0.25,1))',drawbox=x=190:y=1290:w=700:h=4:color=0xD39A3A@0.90:t=fill:enable='between(t,27.0,35.0)'[v5];[v5]format=yuv420p[vout];[1:a]atrim=0:35.0,asetpts=PTS-STARTPTS,dynaudnorm=f=150:g=9,aformat=sample_fmts=fltp:sample_rates=44100:channel_layouts=stereo[aout] -map [vout] -map [aout] -c:a aac -b:a 192k -shortest -r 30 -c:v libx264 -pix_fmt yuv420p -movflags +faststart -t 35.0 D:\drycured_promotion_2026_06\01_VIDEO_SHORTS\output\videos\VID-001_zasto-se-kobasica-ne-smije-susiti-prebrzo.mp4

STDOUT:


STDERR:
Input #0, png_pipe, from 'D:\drycured_promotion_2026_06\01_VIDEO_SHORTS\input\images\VID-001.png':
  Duration: N/A, bitrate: N/A
  Stream #0:0: Video: png, rgb24(pc, gbr/unknown/unknown), 1672x941, 30 fps, 30 tbr, 30 tbn
Input #1, mp3, from 'D:\drycured_promotion_2026_06\01_VIDEO_SHORTS\input\audio\EP04_najcesce-greske-i-kako-ih-izbjeci.mp3':
  Metadata:
    encoder         : Lavf62.12.101
  Duration: 00:02:13.06, start: 0.025057, bitrate: 128 kb/s
  Stream #1:0: Audio: mp3 (mp3float), 44100 Hz, mono, fltp, 128 kb/s, start 0.025057
Stream mapping:
  Stream #0:0 (png) -> split:default
  Stream #1:0 (mp3float) -> atrim:default
  format:default -> Stream #0:0 (libx264)
  aformat:default -> Stream #0:1 (aac)
Press [q] to stop, [?] for help
[libx264 @ 0000029bb0eb5980] using SAR=1/1
[libx264 @ 0000029bb0eb5980] using cpu capabilities: MMX2 SSE2Fast SSSE3 SSE4.2 AVX FMA3 BMI2 AVX2
[libx264 @ 0000029bb0eb5980] profile High, level 4.0, 4:2:0, 8-bit
[libx264 @ 0000029bb0eb5980] 264 - core 165 r3223 0480cb0 - H.264/MPEG-4 AVC codec - Copyleft 2003-2025 - http://www.videolan.org/x264.html - options: cabac=1 ref=3 deblock=1:0:0 analyse=0x3:0x113 me=hex subme=7 psy=1 psy_rd=1.00:0.00 mixed_ref=1 me_range=16 chroma_me=1 trellis=1 8x8dct=1 cqm=0 deadzone=21,11 fast_pskip=1 chroma_qp_offset=-2 threads=12 lookahead_threads=2 sliced_threads=0 nr=0 decimate=1 interlaced=0 bluray_compat=0 constrained_intra=0 bframes=3 b_pyramid=2 b_adapt=1 b_bias=0 direct=1 weightb=1 open_gop=0 weightp=2 keyint=250 keyint_min=25 scenecut=40 intra_refresh=0 rc_lookahead=40 rc=crf mbtree=1 crf=23.0 qcomp=0.60 qpmin=0 qpmax=69 qpstep=4 ip_ratio=1.40 aq=1:1.00
Output #0, mp4, to 'D:\drycured_promotion_2026_06\01_VIDEO_SHORTS\output\videos\VID-001_zasto-se-kobasica-ne-smije-susiti-prebrzo.mp4':
  Metadata:
    encoder         : Lavf62.12.101
  Stream #0:0: Video: h264 (avc1 / 0x31637661), yuv420p(tv, progressive), 1080x1920 [SAR 1:1 DAR 9:16], q=2-31, 30 fps, 15360 tbn
    Metadata:
      encoder         : Lavc62.28.101 libx264
    Side data:
      CPB properties: bitrate max/min/avg: 0/0/0 buffer size: 0 vbv_delay: N/A
  Stream #0:1: Audio: aac (LC) (mp4a / 0x6134706D), 44100 Hz, stereo, fltp, 192 kb/s
    Metadata:
      encoder         : Lavc62.28.101 aac
frame=    0 fps=0.0 q=0.0 size=       0KiB time=N/A bitrate=N/A speed=N/A elapsed=0:00:00.51    
frame=    0 fps=0.0 q=0.0 size=       0KiB time=N/A bitrate=N/A speed=N/A elapsed=0:00:01.06    
frame=    0 fps=0.0 q=0.0 size=       0KiB time=N/A bitrate=N/A speed=N/A elapsed=0:00:01.60    
frame=    0 fps=0.0 q=0.0 size=       0KiB time=N/A bitrate=N/A speed=N/A elapsed=0:00:02.11    
frame=    0 fps=0.0 q=0.0 size=       0KiB time=N/A bitrate=N/A speed=N/A elapsed=0:00:02.64    
frame=    0 fps=0.0 q=0.0 size=       0KiB time=N/A bitrate=N/A speed=N/A elapsed=0:00:03.20    
frame=    0 fps=0.0 q=0.0 size=       0KiB time=N/A bitrate=N/A speed=N/A elapsed=0:00:03.72    
frame=    0 fps=0.0 q=0.0 size=       0KiB time=N/A bitrate=N/A speed=N/A elapsed=0:00:04.24    
frame=    0 fps=0.0 q=0.0 size=       0KiB time=N/A bitrate=N/A speed=N/A elapsed=0:00:04.75    
frame=    0 fps=0.0 q=0.0 size=       0KiB time=N/A bitrate=N/A speed=N/A elapsed=0:00:05.29    
frame=    0 fps=0.0 q=0.0 size=       0KiB time=N/A bitrate=N/A speed=N/A elapsed=0:00:05.81    
frame=    0 fps=0.0 q=0.0 size=       0KiB time=N/A bitrate=N/A speed=N/A elapsed=0:00:06.34    
frame=    0 fps=0.0 q=0.0 size=       0KiB time=N/A bitrate=N/A speed=N/A elapsed=0:00:06.85    
frame=    3 fps=0.4 q=29.0 size=       0KiB time=00:00:00.03 bitrate=  11.5kbits/s speed=0.00452x elapsed=0:00:07.38    
frame=    6 fps=0.8 q=29.0 size=       0KiB time=00:00:00.13 bitrate=   2.9kbits/s speed=0.0169x elapsed=0:00:07.89    
frame=    9 fps=1.1 q=29.0 size=       0KiB time=00:00:00.23 bitrate=   1.6kbits/s speed=0.0278x elapsed=0:00:08.40    
frame=   11 fps=1.2 q=29.0 size=       0KiB time=00:00:00.30 bitrate=   1.3kbits/s speed=0.0336x elapsed=0:00:08.92    
frame=   14 fps=1.5 q=29.0 size=       0KiB time=00:00:00.40 bitrate=   1.0kbits/s speed=0.0424x elapsed=0:00:09.43    
frame=   17 fps=1.7 q=29.0 size=       0KiB time=00:00:00.50 bitrate=   0.8kbits/s speed=0.0503x elapsed=0:00:09.94    
frame=   20 fps=1.9 q=29.0 size=       0KiB time=00:00:00.60 bitrate=   0.6kbits/s speed=0.0573x elapsed=0:00:10.46    
frame=   23 fps=2.1 q=29.0 size=       0KiB time=00:00:00.70 bitrate=   0.5kbits/s speed=0.0637x elapsed=0:00:10.99    
frame=   26 fps=2.3 q=29.0 size=       0KiB time=00:00:00.80 bitrate=   0.5kbits/s speed=0.0695x elapsed=0:00:11.51    
frame=   30 fps=2.5 q=29.0 size=       0KiB time=00:00:00.93 bitrate=   0.4kbits/s speed=0.0776x elapsed=0:00:12.02    
frame=   33 fps=2.6 q=29.0 size=       0KiB time=00:00:01.03 bitrate=   0.4kbits/s speed=0.0823x elapsed=0:00:12.55    
frame=   36 fps=2.8 q=29.0 size=       0KiB time=00:00:01.13 bitrate=   0.3kbits/s speed=0.0867x elapsed=0:00:13.06    
frame=   39 fps=2.9 q=29.0 size=       0KiB time=00:00:01.23 bitrate=   0.3kbits/s speed=0.0908x elapsed=0:00:13.57    
frame=   42 fps=3.0 q=29.0 size=       0KiB time=00:00:01.33 bitrate=   0.3kbits/s speed=0.0946x elapsed=0:00:14.09    
frame=   45 fps=3.1 q=29.0 size=       0KiB time=00:00:01.43 bitrate=   0.3kbits/s speed=0.0981x elapsed=0:00:14.61    
frame=   48 fps=3.2 q=29.0 size=       0KiB time=00:00:01.53 bitrate=   0.3kbits/s speed=0.101x elapsed=0:00:15.12    
frame=   51 fps=3.3 q=29.0 size=       0KiB time=00:00:01.63 bitrate=   0.2kbits/s speed=0.104x elapsed=0:00:15.64    
frame=   54 fps=3.3 q=29.0 size=       0KiB time=00:00:01.73 bitrate=   0.2kbits/s speed=0.107x elapsed=0:00:16.15    
frame=   57 fps=3.4 q=29.0 size=       0KiB time=00:00:01.83 bitrate=   0.2kbits/s speed=0.11x elapsed=0:00:16.67    
frame=   60 fps=3.5 q=29.0 size=       0KiB time=00:00:01.93 bitrate=   0.2kbits/s speed=0.112x elapsed=0:00:17.19    
frame=   62 fps=3.5 q=29.0 size=       0KiB time=00:00:02.00 bitrate=   0.2kbits/s speed=0.113x elapsed=0:00:17.71    
frame=   65 fps=3.6 q=29.0 size=       0KiB time=00:00:02.10 bitrate=   0.2kbits/s speed=0.115x elapsed=0:00:18.23    
frame=   67 fps=3.6 q=29.0 size=       0KiB time=00:00:02.16 bitrate=   0.2kbits/s speed=0.116x elapsed=0:00:18.74    
frame=   70 fps=3.6 q=29.0 size=       0KiB time=00:00:02.26 bitrate=   0.2kbits/s speed=0.118x elapsed=0:00:19.27    
frame=   73 fps=3.7 q=29.0 size=       0KiB time=00:00:02.36 bitrate=   0.2kbits/s speed=0.12x elapsed=0:00:19.79    
frame=   76 fps=3.7 q=29.0 size=     256KiB time=00:00:02.46 bitrate= 850.4kbits/s speed=0.121x elapsed=0:00:20.31    
frame=   80 fps=3.8 q=29.0 size=     256KiB time=00:00:02.60 bitrate= 806.7kbits/s speed=0.125x elapsed=0:00:20.83    
frame=   83 fps=3.9 q=29.0 size=     256KiB time=00:00:02.70 bitrate= 776.9kbits/s speed=0.126x elapsed=0:00:21.34    
frame=   86 fps=3.9 q=29.0 size=     256KiB time=00:00:02.80 bitrate= 749.1kbits/s speed=0.128x elapsed=0:00:21.86    
frame=   89 fps=4.0 q=29.0 size=     256KiB time=00:00:02.90 bitrate= 723.3kbits/s speed=0.13x elapsed=0:00:22.37    
frame=   92 fps=4.0 q=29.0 size=     256KiB time=00:00:03.00 bitrate= 699.2kbits/s speed=0.131x elapsed=0:00:22.89    
frame=   95 fps=4.1 q=29.0 size=     256KiB time=00:00:03.10 bitrate= 676.6kbits/s speed=0.132x elapsed=0:00:23.43    
frame=   98 fps=4.1 q=29.0 size=     256KiB time=00:00:03.20 bitrate= 655.5kbits/s speed=0.134x elapsed=0:00:23.96    
frame=  101 fps=4.1 q=29.0 size=     256KiB time=00:00:03.30 bitrate= 635.6kbits/s speed=0.135x elapsed=0:00:24.46    
frame=  105 fps=4.2 q=29.0 size=     256KiB time=00:00:03.43 bitrate= 610.9kbits/s speed=0.137x elapsed=0:00:24.98    
frame=  107 fps=4.2 q=29.0 size=     256KiB time=00:00:03.50 bitrate= 599.3kbits/s speed=0.137x elapsed=0:00:25.51    
frame=  110 fps=4.2 q=29.0 size=     256KiB time=00:00:03.60 bitrate= 582.6kbits/s speed=0.138x elapsed=0:00:26.02    
frame=  113 fps=4.3 q=29.0 size=     256KiB time=00:00:03.70 bitrate= 566.9kbits/s speed=0.139x elapsed=0:00:26.54    
frame=  116 fps=4.3 q=29.0 size=     256KiB time=00:00:03.80 bitrate= 552.0kbits/s speed=0.14x elapsed=0:00:27.06    
frame=  120 fps=4.4 q=29.0 size=     256KiB time=00:00:03.93 bitrate= 533.3kbits/s speed=0.143x elapsed=0:00:27.58    
frame=  123 fps=4.4 q=29.0 size=     256KiB time=00:00:04.03 bitrate= 520.1kbits/s speed=0.144x elapsed=0:00:28.10    
frame=  126 fps=4.4 q=29.0 size=     256KiB time=00:00:04.13 bitrate= 507.5kbits/s speed=0.144x elapsed=0:00:28.62    
frame=  129 fps=4.4 q=29.0 size=     256KiB time=00:00:04.23 bitrate= 495.5kbits/s speed=0.145x elapsed=0:00:29.15    
frame=  132 fps=4.4 q=29.0 size=     256KiB time=00:00:04.33 bitrate= 484.0kbits/s speed=0.146x elapsed=0:00:29.67    
frame=  135 fps=4.5 q=29.0 size=     256KiB time=00:00:04.43 bitrate= 473.1kbits/s speed=0.147x elapsed=0:00:30.18    
frame=  138 fps=4.5 q=29.0 size=     256KiB time=00:00:04.53 bitrate= 462.7kbits/s speed=0.148x elapsed=0:00:30.70    
frame=  141 fps=4.5 q=29.0 size=     256KiB time=00:00:04.63 bitrate= 452.7kbits/s speed=0.148x elapsed=0:00:31.21    
frame=  144 fps=4.5 q=29.0 size=     256KiB time=00:00:04.73 bitrate= 443.1kbits/s speed=0.149x elapsed=0:00:31.73    
frame=  147 fps=4.6 q=29.0 size=     256KiB time=00:00:04.83 bitrate= 434.0kbits/s speed=0.15x elapsed=0:00:32.25    
frame=  150 fps=4.6 q=29.0 size=     256KiB time=00:00:04.93 bitrate= 425.2kbits/s speed=0.151x elapsed=0:00:32.76    
frame=  153 fps=4.6 q=29.0 size=     256KiB time=00:00:05.03 bitrate= 416.7kbits/s speed=0.151x elapsed=0:00:33.27    
frame=  156 fps=4.6 q=29.0 size=     256KiB time=00:00:05.13 bitrate= 408.6kbits/s speed=0.152x elapsed=0:00:33.79    
frame=  159 fps=4.6 q=29.0 size=     256KiB time=00:00:05.23 bitrate= 400.8kbits/s speed=0.153x elapsed=0:00:34.31    
frame=  162 fps=4.7 q=29.0 size=     256KiB time=00:00:05.33 bitrate= 393.3kbits/s speed=0.153x elapsed=0:00:34.83    
frame=  165 fps=4.7 q=29.0 size=     256KiB time=00:00:05.43 bitrate= 386.0kbits/s speed=0.154x elapsed=0:00:35.34    
frame=  168 fps=4.7 q=29.0 size=     256KiB time=00:00:05.53 bitrate= 379.1kbits/s speed=0.154x elapsed=0:00:35.85    
frame=  171 fps=4.7 q=29.0 size=     256KiB time=00:00:05.63 bitrate= 372.3kbits/s speed=0.155x elapsed=0:00:36.38    
frame=  175 fps=4.7 q=29.0 size=     256KiB time=00:00:05.76 bitrate= 363.7kbits/s speed=0.156x elapsed=0:00:36.89    
frame=  178 fps=4.8 q=29.0 size=     256KiB time=00:00:05.86 bitrate= 357.5kbits/s speed=0.157x elapsed=0:00:37.40    
frame=  181 fps=4.8 q=29.0 size=     256KiB time=00:00:05.96 bitrate= 351.5kbits/s speed=0.157x elapsed=0:00:37.92    
frame=  184 fps=4.8 q=29.0 size=     256KiB time=00:00:06.06 bitrate= 345.7kbits/s speed=0.158x elapsed=0:00:38.44    
frame=  187 fps=4.8 q=29.0 size=     256KiB time=00:00:06.16 bitrate= 340.1kbits/s speed=0.158x elapsed=0:00:38.96    
frame=  190 fps=4.8 q=29.0 size=     256KiB time=00:00:06.26 bitrate= 334.7kbits/s speed=0.159x elapsed=0:00:39.49    
frame=  193 fps=4.8 q=29.0 size=     256KiB time=00:00:06.36 bitrate= 329.5kbits/s speed=0.159x elapsed=0:00:40.02    
frame=  196 fps=4.8 q=29.0 size=     256KiB time=00:00:06.46 bitrate= 324.4kbits/s speed=0.16x elapsed=0:00:40.52    
frame=  199 fps=4.8 q=29.0 size=     256KiB time=00:00:06.56 bitrate= 319.4kbits/s speed=0.16x elapsed=0:00:41.04    
frame=  202 fps=4.9 q=29.0 size=     256KiB time=00:00:06.66 bitrate= 314.6kbits/s speed=0.16x elapsed=0:00:41.56    
frame=  205 fps=4.9 q=29.0 size=     256KiB time=00:00:06.76 bitrate= 310.0kbits/s speed=0.161x elapsed=0:00:42.07    
frame=  208 fps=4.9 q=29.0 size=     256KiB time=00:00:06.86 bitrate= 305.5kbits/s speed=0.161x elapsed=0:00:42.59    
frame=  211 fps=4.9 q=29.0 size=     256KiB time=00:00:06.96 bitrate= 301.1kbits/s speed=0.162x elapsed=0:00:43.12    
frame=  213 fps=4.9 q=29.0 size=     256KiB time=00:00:07.03 bitrate= 298.2kbits/s speed=0.161x elapsed=0:00:43.63    
frame=  216 fps=4.9 q=29.0 size=     256KiB time=00:00:07.13 bitrate= 294.0kbits/s speed=0.162x elapsed=0:00:44.14    
frame=  219 fps=4.9 q=29.0 size=     256KiB time=00:00:07.23 bitrate= 290.0kbits/s speed=0.162x elapsed=0:00:44.66    
frame=  222 fps=4.9 q=29.0 size=     256KiB time=00:00:07.33 bitrate= 286.0kbits/s speed=0.162x elapsed=0:00:45.17    
frame=  225 fps=4.9 q=29.0 size=     256KiB time=00:00:07.43 bitrate= 282.2kbits/s speed=0.163x elapsed=0:00:45.69    
frame=  228 fps=4.9 q=29.0 size=     256KiB time=00:00:07.53 bitrate= 278.4kbits/s speed=0.163x elapsed=0:00:46.22    
frame=  232 fps=5.0 q=29.0 size=     256KiB time=00:00:07.66 bitrate= 273.6kbits/s speed=0.164x elapsed=0:00:46.73    
frame=  235 fps=5.0 q=29.0 size=     256KiB time=00:00:07.76 bitrate= 270.1kbits/s speed=0.164x elapsed=0:00:47.25    
frame=  237 fps=5.0 q=29.0 size=     256KiB time=00:00:07.83 bitrate= 267.8kbits/s speed=0.164x elapsed=0:00:47.76    
frame=  240 fps=5.0 q=26.0 size=     256KiB time=00:00:07.93 bitrate= 264.4kbits/s speed=0.164x elapsed=0:00:48.28    
frame=  243 fps=5.0 q=29.0 size=     256KiB time=00:00:08.03 bitrate= 261.1kbits/s speed=0.165x elapsed=0:00:48.79    
frame=  246 fps=5.0 q=29.0 size=     256KiB time=00:00:08.13 bitrate= 257.9kbits/s speed=0.165x elapsed=0:00:49.31    
frame=  249 fps=5.0 q=29.0 size=     256KiB time=00:00:08.23 bitrate= 254.8kbits/s speed=0.165x elapsed=0:00:49.83    
frame=  252 fps=5.0 q=29.0 size=     512KiB time=00:00:08.33 bitrate= 503.4kbits/s speed=0.166x elapsed=0:00:50.34    
frame=  254 fps=5.0 q=29.0 size=     512KiB time=00:00:08.40 bitrate= 499.4kbits/s speed=0.165x elapsed=0:00:50.86    
frame=  256 fps=5.0 q=29.0 size=     512KiB time=00:00:08.46 bitrate= 495.4kbits/s speed=0.165x elapsed=0:00:51.39    
frame=  258 fps=5.0 q=29.0 size=     512KiB time=00:00:08.53 bitrate= 491.6kbits/s speed=0.164x elapsed=0:00:51.92    
frame=  261 fps=5.0 q=29.0 size=     512KiB time=00:00:08.63 bitrate= 485.9kbits/s speed=0.165x elapsed=0:00:52.45    
frame=  264 fps=5.0 q=29.0 size=     512KiB time=00:00:08.73 bitrate= 480.3kbits/s speed=0.165x elapsed=0:00:52.97    
frame=  267 fps=5.0 q=29.0 size=     512KiB time=00:00:08.83 bitrate= 474.9kbits/s speed=0.165x elapsed=0:00:53.49    
frame=  270 fps=5.0 q=29.0 size=     512KiB time=00:00:08.93 bitrate= 469.6kbits/s speed=0.165x elapsed=0:00:54.00    
frame=  273 fps=5.0 q=29.0 size=     512KiB time=00:00:09.03 bitrate= 464.4kbits/s speed=0.166x elapsed=0:00:54.52    
frame=  276 fps=5.0 q=29.0 size=     512KiB time=00:00:09.13 bitrate= 459.3kbits/s speed=0.166x elapsed=0:00:55.03    
frame=  279 fps=5.0 q=29.0 size=     512KiB time=00:00:09.23 bitrate= 454.3kbits/s speed=0.166x elapsed=0:00:55.54    
frame=  282 fps=5.0 q=29.0 size=     512KiB time=00:00:09.33 bitrate= 449.4kbits/s speed=0.166x elapsed=0:00:56.07    
frame=  286 fps=5.1 q=29.0 size=     512KiB time=00:00:09.46 bitrate= 443.1kbits/s speed=0.167x elapsed=0:00:56.58    
frame=  289 fps=5.1 q=29.0 size=     512KiB time=00:00:09.56 bitrate= 438.5kbits/s speed=0.167x elapsed=0:00:57.11    
frame=  292 fps=5.1 q=29.0 size=     512KiB time=00:00:09.66 bitrate= 433.9kbits/s speed=0.168x elapsed=0:00:57.62    
frame=  295 fps=5.1 q=29.0 size=     512KiB time=00:00:09.76 bitrate= 429.5kbits/s speed=0.168x elapsed=0:00:58.15    
frame=  298 fps=5.1 q=29.0 size=     512KiB time=00:00:09.86 bitrate= 425.1kbits/s speed=0.168x elapsed=0:00:58.66    
frame=  301 fps=5.1 q=29.0 size=     512KiB time=00:00:09.96 bitrate= 420.9kbits/s speed=0.168x elapsed=0:00:59.19    
frame=  305 fps=5.1 q=29.0 size=     512KiB time=00:00:10.10 bitrate= 415.3kbits/s speed=0.169x elapsed=0:00:59.71    
frame=  308 fps=5.1 q=29.0 size=     512KiB time=00:00:10.20 bitrate= 411.2kbits/s speed=0.169x elapsed=0:01:00.22    
frame=  311 fps=5.1 q=29.0 size=     512KiB time=00:00:10.30 bitrate= 407.3kbits/s speed=0.17x elapsed=0:01:00.74    
frame=  314 fps=5.1 q=29.0 size=     512KiB time=00:00:10.40 bitrate= 403.3kbits/s speed=0.17x elapsed=0:01:01.26    
frame=  317 fps=5.1 q=29.0 size=     512KiB time=00:00:10.50 bitrate= 399.5kbits/s speed=0.17x elapsed=0:01:01.79    
frame=  320 fps=5.1 q=29.0 size=     512KiB time=00:00:10.60 bitrate= 395.7kbits/s speed=0.17x elapsed=0:01:02.31    
frame=  323 fps=5.1 q=29.0 size=     768KiB time=00:00:10.70 bitrate= 588.0kbits/s speed=0.17x elapsed=0:01:02.85    
frame=  326 fps=5.1 q=29.0 size=     768KiB time=00:00:10.80 bitrate= 582.6kbits/s speed=0.17x elapsed=0:01:03.38    
frame=  329 fps=5.1 q=29.0 size=     768KiB time=00:00:10.90 bitrate= 577.2kbits/s speed=0.171x elapsed=0:01:03.90    
frame=  333 fps=5.2 q=29.0 size=     768KiB time=00:00:11.03 bitrate= 570.3kbits/s speed=0.171x elapsed=0:01:04.42    
frame=  336 fps=5.2 q=29.0 size=     768KiB time=00:00:11.13 bitrate= 565.1kbits/s speed=0.171x elapsed=0:01:04.94    
frame=  339 fps=5.2 q=29.0 size=     768KiB time=00:00:11.23 bitrate= 560.1kbits/s speed=0.172x elapsed=0:01:05.46    
frame=  342 fps=5.2 q=29.0 size=     768KiB time=00:00:11.33 bitrate= 555.2kbits/s speed=0.172x elapsed=0:01:05.99    
frame=  345 fps=5.2 q=29.0 size=     768KiB time=00:00:11.43 bitrate= 550.3kbits/s speed=0.172x elapsed=0:01:06.51    
frame=  348 fps=5.2 q=29.0 size=     768KiB time=00:00:11.53 bitrate= 545.5kbits/s speed=0.172x elapsed=0:01:07.03    
frame=  351 fps=5.2 q=29.0 size=     768KiB time=00:00:11.63 bitrate= 540.8kbits/s speed=0.172x elapsed=0:01:07.54    
frame=  355 fps=5.2 q=29.0 size=     768KiB time=00:00:11.76 bitrate= 534.7kbits/s speed=0.173x elapsed=0:01:08.06    
frame=  358 fps=5.2 q=29.0 size=     768KiB time=00:00:11.86 bitrate= 530.2kbits/s speed=0.173x elapsed=0:01:08.57    
frame=  361 fps=5.2 q=29.0 size=     768KiB time=00:00:11.96 bitrate= 525.8kbits/s speed=0.173x elapsed=0:01:09.09    
frame=  364 fps=5.2 q=29.0 size=     768KiB time=00:00:12.06 bitrate= 521.4kbits/s speed=0.173x elapsed=0:01:09.61    
frame=  367 fps=5.2 q=29.0 size=     768KiB time=00:00:12.16 bitrate= 517.1kbits/s speed=0.173x elapsed=0:01:10.12    
frame=  370 fps=5.2 q=29.0 size=     768KiB time=00:00:12.26 bitrate= 512.9kbits/s speed=0.174x elapsed=0:01:10.64    
frame=  373 fps=5.2 q=29.0 size=     768KiB time=00:00:12.36 bitrate= 508.8kbits/s speed=0.174x elapsed=0:01:11.16    
frame=  376 fps=5.2 q=29.0 size=     768KiB time=00:00:12.46 bitrate= 504.7kbits/s speed=0.174x elapsed=0:01:11.68    
frame=  379 fps=5.2 q=29.0 size=     768KiB time=00:00:12.56 bitrate= 500.7kbits/s speed=0.174x elapsed=0:01:12.19    
frame=  382 fps=5.3 q=29.0 size=     768KiB time=00:00:12.66 bitrate= 496.7kbits/s speed=0.174x elapsed=0:01:12.71    
frame=  385 fps=5.3 q=29.0 size=     768KiB time=00:00:12.76 bitrate= 492.8kbits/s speed=0.174x elapsed=0:01:13.24    
frame=  388 fps=5.3 q=29.0 size=     768KiB time=00:00:12.86 bitrate= 489.0kbits/s speed=0.174x elapsed=0:01:13.74    
frame=  391 fps=5.3 q=29.0 size=     768KiB time=00:00:12.96 bitrate= 485.2kbits/s speed=0.175x elapsed=0:01:14.26    
frame=  394 fps=5.3 q=29.0 size=     768KiB time=00:00:13.06 bitrate= 481.5kbits/s speed=0.175x elapsed=0:01:14.78    
frame=  397 fps=5.3 q=29.0 size=     768KiB time=00:00:13.16 bitrate= 477.9kbits/s speed=0.175x elapsed=0:01:15.32    
frame=  400 fps=5.3 q=29.0 size=     768KiB time=00:00:13.26 bitrate= 474.3kbits/s speed=0.175x elapsed=0:01:15.84    
frame=  403 fps=5.3 q=29.0 size=     768KiB time=00:00:13.36 bitrate= 470.7kbits/s speed=0.175x elapsed=0:01:16.37    
frame=  406 fps=5.3 q=29.0 size=     768KiB time=00:00:13.46 bitrate= 467.2kbits/s speed=0.175x elapsed=0:01:16.88    
frame=  409 fps=5.3 q=29.0 size=     768KiB time=00:00:13.56 bitrate= 463.8kbits/s speed=0.175x elapsed=0:01:17.40    
frame=  412 fps=5.3 q=29.0 size=     768KiB time=00:00:13.66 bitrate= 460.4kbits/s speed=0.175x elapsed=0:01:17.92    
frame=  415 fps=5.3 q=29.0 size=     768KiB time=00:00:13.76 bitrate= 457.0kbits/s speed=0.176x elapsed=0:01:18.43    
frame=  418 fps=5.3 q=29.0 size=     768KiB time=00:00:13.86 bitrate= 453.7kbits/s speed=0.176x elapsed=0:01:18.95    
frame=  421 fps=5.3 q=29.0 size=     768KiB time=00:00:13.96 bitrate= 450.5kbits/s speed=0.176x elapsed=0:01:19.48    
frame=  424 fps=5.3 q=29.0 size=     768KiB time=00:00:14.06 bitrate= 447.3kbits/s speed=0.176x elapsed=0:01:19.99    
frame=  427 fps=5.3 q=29.0 size=     768KiB time=00:00:14.16 bitrate= 444.1kbits/s speed=0.176x elapsed=0:01:20.52    
frame=  430 fps=5.3 q=29.0 size=     768KiB time=00:00:14.26 bitrate= 441.0kbits/s speed=0.176x elapsed=0:01:21.04    
frame=  433 fps=5.3 q=29.0 size=     768KiB time=00:00:14.36 bitrate= 437.9kbits/s speed=0.176x elapsed=0:01:21.56    
frame=  436 fps=5.3 q=29.0 size=     768KiB time=00:00:14.46 bitrate= 434.9kbits/s speed=0.176x elapsed=0:01:22.08    
frame=  439 fps=5.3 q=29.0 size=     768KiB time=00:00:14.56 bitrate= 431.9kbits/s speed=0.176x elapsed=0:01:22.59    
frame=  442 fps=5.3 q=29.0 size=     768KiB time=00:00:14.66 bitrate= 429.0kbits/s speed=0.176x elapsed=0:01:23.10    
frame=  446 fps=5.3 q=29.0 size=     768KiB time=00:00:14.80 bitrate= 425.1kbits/s speed=0.177x elapsed=0:01:23.63    
frame=  449 fps=5.3 q=29.0 size=     768KiB time=00:00:14.90 bitrate= 422.3kbits/s speed=0.177x elapsed=0:01:24.14    
frame=  452 fps=5.3 q=29.0 size=     768KiB time=00:00:15.00 bitrate= 419.5kbits/s speed=0.177x elapsed=0:01:24.65    
frame=  455 fps=5.3 q=29.0 size=     768KiB time=00:00:15.10 bitrate= 416.7kbits/s speed=0.177x elapsed=0:01:25.17    
frame=  458 fps=5.3 q=29.0 size=     768KiB time=00:00:15.20 bitrate= 413.9kbits/s speed=0.177x elapsed=0:01:25.69    
frame=  461 fps=5.3 q=29.0 size=     768KiB time=00:00:15.30 bitrate= 411.2kbits/s speed=0.177x elapsed=0:01:26.20    
frame=  464 fps=5.3 q=29.0 size=     768KiB time=00:00:15.40 bitrate= 408.6kbits/s speed=0.178x elapsed=0:01:26.72    
frame=  467 fps=5.4 q=29.0 size=     768KiB time=00:00:15.50 bitrate= 405.9kbits/s speed=0.178x elapsed=0:01:27.24    
frame=  470 fps=5.4 q=29.0 size=     768KiB time=00:00:15.60 bitrate= 403.3kbits/s speed=0.178x elapsed=0:01:27.77    
frame=  473 fps=5.4 q=29.0 size=     768KiB time=00:00:15.70 bitrate= 400.8kbits/s speed=0.178x elapsed=0:01:28.28    
frame=  476 fps=5.4 q=29.0 size=     768KiB time=00:00:15.80 bitrate= 398.2kbits/s speed=0.178x elapsed=0:01:28.79    
frame=  479 fps=5.4 q=29.0 size=     768KiB time=00:00:15.90 bitrate= 395.7kbits/s speed=0.178x elapsed=0:01:29.40    
frame=  482 fps=5.4 q=29.0 size=     768KiB time=00:00:16.00 bitrate= 393.2kbits/s speed=0.178x elapsed=0:01:29.92    
frame=  486 fps=5.4 q=29.0 size=     768KiB time=00:00:16.13 bitrate= 390.0kbits/s speed=0.178x elapsed=0:01:30.44    
frame=  488 fps=5.4 q=29.0 size=     768KiB time=00:00:16.20 bitrate= 388.4kbits/s speed=0.178x elapsed=0:01:30.97    
frame=  489 fps=5.3 q=29.0 size=     768KiB time=00:00:16.23 bitrate= 387.6kbits/s speed=0.177x elapsed=0:01:31.53    
frame=  491 fps=5.3 q=29.0 size=     768KiB time=00:00:16.30 bitrate= 386.0kbits/s speed=0.177x elapsed=0:01:32.06    
frame=  494 fps=5.3 q=29.0 size=     768KiB time=00:00:16.40 bitrate= 383.6kbits/s speed=0.177x elapsed=0:01:32.58    
frame=  496 fps=5.3 q=29.0 size=     768KiB time=00:00:16.46 bitrate= 382.1kbits/s speed=0.177x elapsed=0:01:33.10    
frame=  497 fps=5.3 q=29.0 size=     768KiB time=00:00:16.50 bitrate= 381.3kbits/s speed=0.176x elapsed=0:01:33.63    
frame=  500 fps=5.3 q=29.0 size=     768KiB time=00:00:16.60 bitrate= 379.0kbits/s speed=0.176x elapsed=0:01:34.14    
frame=  503 fps=5.3 q=29.0 size=    1024KiB time=00:00:16.70 bitrate= 502.3kbits/s speed=0.176x elapsed=0:01:34.67    
frame=  505 fps=5.3 q=29.0 size=    1024KiB time=00:00:16.76 bitrate= 500.3kbits/s speed=0.176x elapsed=0:01:35.20    
frame=  507 fps=5.3 q=29.0 size=    1024KiB time=00:00:16.83 bitrate= 498.4kbits/s speed=0.176x elapsed=0:01:35.72    
frame=  510 fps=5.3 q=29.0 size=    1024KiB time=00:00:16.93 bitrate= 495.4kbits/s speed=0.176x elapsed=0:01:36.24    
frame=  513 fps=5.3 q=29.0 size=    1024KiB time=00:00:17.03 bitrate= 492.5kbits/s speed=0.176x elapsed=0:01:36.76    
frame=  516 fps=5.3 q=29.0 size=    1024KiB time=00:00:17.13 bitrate= 489.6kbits/s speed=0.176x elapsed=0:01:37.29    
frame=  519 fps=5.3 q=29.0 size=    1024KiB time=00:00:17.23 bitrate= 486.8kbits/s speed=0.176x elapsed=0:01:37.81    
frame=  522 fps=5.3 q=29.0 size=    1024KiB time=00:00:17.33 bitrate= 484.0kbits/s speed=0.176x elapsed=0:01:38.32    
frame=  525 fps=5.3 q=29.0 size=    1024KiB time=00:00:17.43 bitrate= 481.2kbits/s speed=0.176x elapsed=0:01:38.85    
frame=  529 fps=5.3 q=29.0 size=    1024KiB time=00:00:17.56 bitrate= 477.6kbits/s speed=0.177x elapsed=0:01:39.36    
frame=  532 fps=5.3 q=29.0 size=    1024KiB time=00:00:17.66 bitrate= 474.8kbits/s speed=0.177x elapsed=0:01:39.87    
frame=  535 fps=5.3 q=29.0 size=    1024KiB time=00:00:17.76 bitrate= 472.2kbits/s speed=0.177x elapsed=0:01:40.39    
frame=  538 fps=5.3 q=29.0 size=    1024KiB time=00:00:17.86 bitrate= 469.5kbits/s speed=0.177x elapsed=0:01:40.90    
frame=  541 fps=5.3 q=29.0 size=    1024KiB time=00:00:17.96 bitrate= 466.9kbits/s speed=0.177x elapsed=0:01:41.43    
frame=  544 fps=5.3 q=29.0 size=    1024KiB time=00:00:18.06 bitrate= 464.3kbits/s speed=0.177x elapsed=0:01:41.94    
frame=  547 fps=5.3 q=29.0 size=    1024KiB time=00:00:18.16 bitrate= 461.8kbits/s speed=0.177x elapsed=0:01:42.47    
frame=  550 fps=5.3 q=29.0 size=    1024KiB time=00:00:18.26 bitrate= 459.3kbits/s speed=0.177x elapsed=0:01:43.00    
frame=  553 fps=5.3 q=29.0 size=    1024KiB time=00:00:18.36 bitrate= 456.8kbits/s speed=0.177x elapsed=0:01:43.51    
frame=  557 fps=5.4 q=29.0 size=    1024KiB time=00:00:18.46 bitrate= 454.3kbits/s speed=0.178x elapsed=0:01:44.03    
frame=  560 fps=5.4 q=29.0 size=    1024KiB time=00:00:18.60 bitrate= 451.0kbits/s speed=0.178x elapsed=0:01:44.54    
frame=  563 fps=5.4 q=29.0 size=    1024KiB time=00:00:18.70 bitrate= 448.6kbits/s speed=0.178x elapsed=0:01:45.06    
frame=  566 fps=5.4 q=29.0 size=    1024KiB time=00:00:18.80 bitrate= 446.2kbits/s speed=0.178x elapsed=0:01:45.58    
frame=  569 fps=5.4 q=29.0 size=    1024KiB time=00:00:18.90 bitrate= 443.9kbits/s speed=0.178x elapsed=0:01:46.10    
frame=  572 fps=5.4 q=29.0 size=    1024KiB time=00:00:19.00 bitrate= 441.5kbits/s speed=0.178x elapsed=0:01:46.63    
frame=  575 fps=5.4 q=29.0 size=    1024KiB time=00:00:19.10 bitrate= 439.2kbits/s speed=0.178x elapsed=0:01:47.14    
frame=  579 fps=5.4 q=29.0 size=    1024KiB time=00:00:19.23 bitrate= 436.2kbits/s speed=0.179x elapsed=0:01:47.66    
frame=  582 fps=5.4 q=29.0 size=    1024KiB time=00:00:19.33 bitrate= 433.9kbits/s speed=0.179x elapsed=0:01:48.17    
frame=  585 fps=5.4 q=29.0 size=    1024KiB time=00:00:19.43 bitrate= 431.7kbits/s speed=0.179x elapsed=0:01:48.68    
frame=  588 fps=5.4 q=29.0 size=    1024KiB time=00:00:19.53 bitrate= 429.5kbits/s speed=0.179x elapsed=0:01:49.20    
frame=  591 fps=5.4 q=29.0 size=    1024KiB time=00:00:19.63 bitrate= 427.3kbits/s speed=0.179x elapsed=0:01:49.71    
frame=  594 fps=5.4 q=29.0 size=    1024KiB time=00:00:19.73 bitrate= 425.1kbits/s speed=0.179x elapsed=0:01:50.23    
frame=  597 fps=5.4 q=29.0 size=    1024KiB time=00:00:19.83 bitrate= 423.0kbits/s speed=0.179x elapsed=0:01:50.75    
frame=  600 fps=5.4 q=29.0 size=    1024KiB time=00:00:19.93 bitrate= 420.9kbits/s speed=0.179x elapsed=0:01:51.28    
frame=  603 fps=5.4 q=29.0 size=    1024KiB time=00:00:20.03 bitrate= 418.8kbits/s speed=0.179x elapsed=0:01:51.79    
frame=  606 fps=5.4 q=29.0 size=    1024KiB time=00:00:20.13 bitrate= 416.7kbits/s speed=0.179x elapsed=0:01:52.31    
frame=  609 fps=5.4 q=29.0 size=    1024KiB time=00:00:20.23 bitrate= 414.6kbits/s speed=0.179x elapsed=0:01:52.83    
frame=  612 fps=5.4 q=29.0 size=    1280KiB time=00:00:20.33 bitrate= 515.7kbits/s speed=0.179x elapsed=0:01:53.36    
frame=  616 fps=5.4 q=29.0 size=    1280KiB time=00:00:20.46 bitrate= 512.4kbits/s speed=0.18x elapsed=0:01:53.89    
frame=  619 fps=5.4 q=29.0 size=    1280KiB time=00:00:20.56 bitrate= 509.9kbits/s speed=0.18x elapsed=0:01:54.40    
frame=  622 fps=5.4 q=29.0 size=    1280KiB time=00:00:20.66 bitrate= 507.4kbits/s speed=0.18x elapsed=0:01:54.92    
frame=  625 fps=5.4 q=29.0 size=    1280KiB time=00:00:20.76 bitrate= 505.0kbits/s speed=0.18x elapsed=0:01:55.43    
frame=  628 fps=5.4 q=29.0 size=    1280KiB time=00:00:20.86 bitrate= 502.5kbits/s speed=0.18x elapsed=0:01:55.96    
frame=  631 fps=5.4 q=29.0 size=    1280KiB time=00:00:20.96 bitrate= 500.1kbits/s speed=0.18x elapsed=0:01:56.46    
frame=  634 fps=5.4 q=29.0 size=    1280KiB time=00:00:21.06 bitrate= 497.8kbits/s speed=0.18x elapsed=0:01:56.99    
frame=  637 fps=5.4 q=29.0 size=    1280KiB time=00:00:21.16 bitrate= 495.4kbits/s speed=0.18x elapsed=0:01:57.52    
frame=  640 fps=5.4 q=29.0 size=    1280KiB time=00:00:21.26 bitrate= 493.1kbits/s speed=0.18x elapsed=0:01:58.03    
frame=  643 fps=5.4 q=29.0 size=    1280KiB time=00:00:21.36 bitrate= 490.8kbits/s speed=0.18x elapsed=0:01:58.55    
frame=  647 fps=5.4 q=29.0 size=    1280KiB time=00:00:21.50 bitrate= 487.7kbits/s speed=0.181x elapsed=0:01:59.06    
frame=  650 fps=5.4 q=29.0 size=    1280KiB time=00:00:21.60 bitrate= 485.5kbits/s speed=0.181x elapsed=0:01:59.58    
frame=  653 fps=5.4 q=29.0 size=    1280KiB time=00:00:21.70 bitrate= 483.2kbits/s speed=0.181x elapsed=0:02:00.10    
frame=  656 fps=5.4 q=29.0 size=    1280KiB time=00:00:21.80 bitrate= 481.0kbits/s speed=0.181x elapsed=0:02:00.61    
frame=  659 fps=5.4 q=29.0 size=    1280KiB time=00:00:21.90 bitrate= 478.8kbits/s speed=0.181x elapsed=0:02:01.13    
frame=  662 fps=5.4 q=29.0 size=    1280KiB time=00:00:22.00 bitrate= 476.6kbits/s speed=0.181x elapsed=0:02:01.64    
frame=  665 fps=5.4 q=29.0 size=    1280KiB time=00:00:22.10 bitrate= 474.5kbits/s speed=0.181x elapsed=0:02:02.17    
frame=  668 fps=5.4 q=29.0 size=    1280KiB time=00:00:22.20 bitrate= 472.3kbits/s speed=0.181x elapsed=0:02:02.70    
frame=  671 fps=5.4 q=29.0 size=    1280KiB time=00:00:22.30 bitrate= 470.2kbits/s speed=0.181x elapsed=0:02:03.22    
frame=  675 fps=5.5 q=29.0 size=    1280KiB time=00:00:22.40 bitrate= 468.1kbits/s speed=0.181x elapsed=0:02:03.74    
frame=  678 fps=5.5 q=29.0 size=    1280KiB time=00:00:22.53 bitrate= 465.4kbits/s speed=0.181x elapsed=0:02:04.25    
frame=  681 fps=5.5 q=29.0 size=    1280KiB time=00:00:22.63 bitrate= 463.3kbits/s speed=0.181x elapsed=0:02:04.76    
frame=  684 fps=5.5 q=29.0 size=    1280KiB time=00:00:22.73 bitrate= 461.3kbits/s speed=0.181x elapsed=0:02:05.28    
frame=  687 fps=5.5 q=29.0 size=    1280KiB time=00:00:22.83 bitrate= 459.2kbits/s speed=0.182x elapsed=0:02:05.80    
frame=  690 fps=5.5 q=29.0 size=    1280KiB time=00:00:22.93 bitrate= 457.2kbits/s speed=0.182x elapsed=0:02:06.31    
frame=  692 fps=5.5 q=29.0 size=    1280KiB time=00:00:23.00 bitrate= 455.9kbits/s speed=0.181x elapsed=0:02:06.82    
frame=  696 fps=5.5 q=29.0 size=    1280KiB time=00:00:23.13 bitrate= 453.3kbits/s speed=0.182x elapsed=0:02:07.35    
frame=  699 fps=5.5 q=29.0 size=    1280KiB time=00:00:23.23 bitrate= 451.3kbits/s speed=0.182x elapsed=0:02:07.88    
frame=  702 fps=5.5 q=29.0 size=    1280KiB time=00:00:23.33 bitrate= 449.4kbits/s speed=0.182x elapsed=0:02:08.40    
frame=  705 fps=5.5 q=29.0 size=    1280KiB time=00:00:23.43 bitrate= 447.5kbits/s speed=0.182x elapsed=0:02:08.93    
frame=  708 fps=5.5 q=29.0 size=    1280KiB time=00:00:23.53 bitrate= 445.6kbits/s speed=0.182x elapsed=0:02:09.45    
frame=  711 fps=5.5 q=29.0 size=    1280KiB time=00:00:23.63 bitrate= 443.7kbits/s speed=0.182x elapsed=0:02:09.96    
frame=  714 fps=5.5 q=29.0 size=    1280KiB time=00:00:23.73 bitrate= 441.8kbits/s speed=0.182x elapsed=0:02:10.48    
frame=  717 fps=5.5 q=29.0 size=    1280KiB time=00:00:23.83 bitrate= 440.0kbits/s speed=0.182x elapsed=0:02:10.99    
frame=  720 fps=5.5 q=29.0 size=    1280KiB time=00:00:23.93 bitrate= 438.1kbits/s speed=0.182x elapsed=0:02:11.51    
frame=  723 fps=5.5 q=29.0 size=    1280KiB time=00:00:24.03 bitrate= 436.3kbits/s speed=0.182x elapsed=0:02:12.03    
frame=  726 fps=5.5 q=29.0 size=    1280KiB time=00:00:24.13 bitrate= 434.5kbits/s speed=0.182x elapsed=0:02:12.54    
frame=  729 fps=5.5 q=29.0 size=    1280KiB time=00:00:24.23 bitrate= 432.7kbits/s speed=0.182x elapsed=0:02:13.06    
frame=  732 fps=5.5 q=29.0 size=    1280KiB time=00:00:24.33 bitrate= 430.9kbits/s speed=0.182x elapsed=0:02:13.57    
frame=  735 fps=5.5 q=29.0 size=    1280KiB time=00:00:24.43 bitrate= 429.2kbits/s speed=0.182x elapsed=0:02:14.10    
frame=  737 fps=5.5 q=29.0 size=    1280KiB time=00:00:24.50 bitrate= 428.0kbits/s speed=0.182x elapsed=0:02:14.63    
frame=  740 fps=5.5 q=26.0 size=    1280KiB time=00:00:24.60 bitrate= 426.3kbits/s speed=0.182x elapsed=0:02:15.16    
frame=  743 fps=5.5 q=29.0 size=    1280KiB time=00:00:24.70 bitrate= 424.5kbits/s speed=0.182x elapsed=0:02:15.68    
frame=  746 fps=5.5 q=29.0 size=    1280KiB time=00:00:24.80 bitrate= 422.8kbits/s speed=0.182x elapsed=0:02:16.20    
frame=  749 fps=5.5 q=29.0 size=    1280KiB time=00:00:24.90 bitrate= 421.1kbits/s speed=0.182x elapsed=0:02:16.71    
frame=  752 fps=5.5 q=29.0 size=    1536KiB time=00:00:25.00 bitrate= 503.3kbits/s speed=0.182x elapsed=0:02:17.23    
frame=  755 fps=5.5 q=29.0 size=    1536KiB time=00:00:25.10 bitrate= 501.3kbits/s speed=0.182x elapsed=0:02:17.75    
frame=  758 fps=5.5 q=29.0 size=    1536KiB time=00:00:25.20 bitrate= 499.3kbits/s speed=0.182x elapsed=0:02:18.26    
frame=  761 fps=5.5 q=29.0 size=    1536KiB time=00:00:25.30 bitrate= 497.4kbits/s speed=0.182x elapsed=0:02:18.78    
frame=  764 fps=5.5 q=29.0 size=    1536KiB time=00:00:25.40 bitrate= 495.4kbits/s speed=0.182x elapsed=0:02:19.29    
frame=  768 fps=5.5 q=29.0 size=    1536KiB time=00:00:25.53 bitrate= 492.8kbits/s speed=0.183x elapsed=0:02:19.82    
frame=  771 fps=5.5 q=29.0 size=    1536KiB time=00:00:25.63 bitrate= 490.9kbits/s speed=0.183x elapsed=0:02:20.32    
frame=  774 fps=5.5 q=29.0 size=    1536KiB time=00:00:25.73 bitrate= 489.0kbits/s speed=0.183x elapsed=0:02:20.84    
frame=  777 fps=5.5 q=29.0 size=    1536KiB time=00:00:25.83 bitrate= 487.1kbits/s speed=0.183x elapsed=0:02:21.35    
frame=  780 fps=5.5 q=29.0 size=    1536KiB time=00:00:25.93 bitrate= 485.2kbits/s speed=0.183x elapsed=0:02:21.87    
frame=  783 fps=5.5 q=29.0 size=    1536KiB time=00:00:26.03 bitrate= 483.4kbits/s speed=0.183x elapsed=0:02:22.39    
frame=  786 fps=5.5 q=29.0 size=    1536KiB time=00:00:26.13 bitrate= 481.5kbits/s speed=0.183x elapsed=0:02:22.90    
frame=  789 fps=5.5 q=29.0 size=    1536KiB time=00:00:26.23 bitrate= 479.7kbits/s speed=0.183x elapsed=0:02:23.42    
frame=  792 fps=5.5 q=29.0 size=    1536KiB time=00:00:26.33 bitrate= 477.8kbits/s speed=0.183x elapsed=0:02:23.93    
frame=  795 fps=5.5 q=29.0 size=    1536KiB time=00:00:26.43 bitrate= 476.0kbits/s speed=0.183x elapsed=0:02:24.46    
frame=  797 fps=5.5 q=29.0 size=    1536KiB time=00:00:26.50 bitrate= 474.8kbits/s speed=0.183x elapsed=0:02:24.99    
frame=  800 fps=5.5 q=29.0 size=    1536KiB time=00:00:26.60 bitrate= 473.1kbits/s speed=0.183x elapsed=0:02:25.51    
frame=  802 fps=5.5 q=29.0 size=    1536KiB time=00:00:26.66 bitrate= 471.9kbits/s speed=0.183x elapsed=0:02:26.03    
frame=  805 fps=5.5 q=29.0 size=    1536KiB time=00:00:26.76 bitrate= 470.1kbits/s speed=0.183x elapsed=0:02:26.56    
frame=  808 fps=5.5 q=29.0 size=    1536KiB time=00:00:26.86 bitrate= 468.4kbits/s speed=0.183x elapsed=0:02:27.08    
frame=  810 fps=5.5 q=29.0 size=    1536KiB time=00:00:26.93 bitrate= 467.2kbits/s speed=0.182x elapsed=0:02:27.62    
frame=  813 fps=5.5 q=29.0 size=    1536KiB time=00:00:27.03 bitrate= 465.5kbits/s speed=0.182x elapsed=0:02:28.13    
frame=  816 fps=5.5 q=29.0 size=    1536KiB time=00:00:27.13 bitrate= 463.8kbits/s speed=0.183x elapsed=0:02:28.66    
frame=  819 fps=5.5 q=29.0 size=    1536KiB time=00:00:27.23 bitrate= 462.1kbits/s speed=0.183x elapsed=0:02:29.18    
frame=  822 fps=5.5 q=29.0 size=    1536KiB time=00:00:27.33 bitrate= 460.4kbits/s speed=0.183x elapsed=0:02:29.70    
frame=  825 fps=5.5 q=29.0 size=    1536KiB time=00:00:27.43 bitrate= 458.7kbits/s speed=0.183x elapsed=0:02:30.23    
frame=  829 fps=5.5 q=29.0 size=    1536KiB time=00:00:27.56 bitrate= 456.5kbits/s speed=0.183x elapsed=0:02:30.76    
frame=  831 fps=5.5 q=29.0 size=    1536KiB time=00:00:27.63 bitrate= 455.4kbits/s speed=0.183x elapsed=0:02:31.26    
frame=  835 fps=5.5 q=29.0 size=    1536KiB time=00:00:27.76 bitrate= 453.2kbits/s speed=0.183x elapsed=0:02:31.78    
frame=  837 fps=5.5 q=29.0 size=    1536KiB time=00:00:27.83 bitrate= 452.1kbits/s speed=0.183x elapsed=0:02:32.29    
frame=  840 fps=5.5 q=29.0 size=    1536KiB time=00:00:27.93 bitrate= 450.5kbits/s speed=0.183x elapsed=0:02:32.81    
frame=  843 fps=5.5 q=29.0 size=    1536KiB time=00:00:28.03 bitrate= 448.9kbits/s speed=0.183x elapsed=0:02:33.35    
frame=  846 fps=5.5 q=29.0 size=    1536KiB time=00:00:28.13 bitrate= 447.3kbits/s speed=0.183x elapsed=0:02:33.86    
frame=  849 fps=5.5 q=29.0 size=    1536KiB time=00:00:28.23 bitrate= 445.7kbits/s speed=0.183x elapsed=0:02:34.37    
frame=  851 fps=5.5 q=29.0 size=    1536KiB time=00:00:28.30 bitrate= 444.6kbits/s speed=0.183x elapsed=0:02:34.89    
frame=  854 fps=5.5 q=29.0 size=    1536KiB time=00:00:28.40 bitrate= 443.1kbits/s speed=0.183x elapsed=0:02:35.40    
frame=  857 fps=5.5 q=29.0 size=    1536KiB time=00:00:28.50 bitrate= 441.5kbits/s speed=0.183x elapsed=0:02:35.91    
frame=  860 fps=5.5 q=29.0 size=    1536KiB time=00:00:28.60 bitrate= 440.0kbits/s speed=0.183x elapsed=0:02:36.44    
frame=  863 fps=5.5 q=29.0 size=    1536KiB time=00:00:28.70 bitrate= 438.4kbits/s speed=0.183x elapsed=0:02:36.95    
frame=  865 fps=5.5 q=29.0 size=    1536KiB time=00:00:28.76 bitrate= 437.4kbits/s speed=0.183x elapsed=0:02:37.47    
frame=  868 fps=5.5 q=29.0 size=    1536KiB time=00:00:28.86 bitrate= 435.9kbits/s speed=0.183x elapsed=0:02:37.99    
frame=  871 fps=5.5 q=29.0 size=    1536KiB time=00:00:28.96 bitrate= 434.4kbits/s speed=0.183x elapsed=0:02:38.51    
frame=  874 fps=5.5 q=29.0 size=    1536KiB time=00:00:29.06 bitrate= 432.9kbits/s speed=0.183x elapsed=0:02:39.05    
frame=  877 fps=5.5 q=29.0 size=    1536KiB time=00:00:29.16 bitrate= 431.4kbits/s speed=0.183x elapsed=0:02:39.58    
frame=  880 fps=5.5 q=29.0 size=    1536KiB time=00:00:29.26 bitrate= 430.0kbits/s speed=0.183x elapsed=0:02:40.10    
frame=  883 fps=5.5 q=29.0 size=    1536KiB time=00:00:29.36 bitrate= 428.5kbits/s speed=0.183x elapsed=0:02:40.63    
frame=  886 fps=5.5 q=29.0 size=    1536KiB time=00:00:29.46 bitrate= 427.0kbits/s speed=0.183x elapsed=0:02:41.13    
frame=  889 fps=5.5 q=29.0 size=    1792KiB time=00:00:29.56 bitrate= 496.5kbits/s speed=0.183x elapsed=0:02:41.66    
frame=  892 fps=5.5 q=29.0 size=    1792KiB time=00:00:29.66 bitrate= 494.8kbits/s speed=0.183x elapsed=0:02:42.18    
frame=  895 fps=5.5 q=29.0 size=    1792KiB time=00:00:29.76 bitrate= 493.2kbits/s speed=0.183x elapsed=0:02:42.73    
frame=  898 fps=5.5 q=29.0 size=    1792KiB time=00:00:29.86 bitrate= 491.5kbits/s speed=0.183x elapsed=0:02:43.25    
frame=  901 fps=5.5 q=29.0 size=    1792KiB time=00:00:29.96 bitrate= 489.9kbits/s speed=0.183x elapsed=0:02:43.78    
frame=  904 fps=5.5 q=29.0 size=    1792KiB time=00:00:30.06 bitrate= 488.3kbits/s speed=0.183x elapsed=0:02:44.32    
frame=  907 fps=5.5 q=29.0 size=    1792KiB time=00:00:30.16 bitrate= 486.6kbits/s speed=0.183x elapsed=0:02:44.85    
frame=  909 fps=5.5 q=29.0 size=    1792KiB time=00:00:30.23 bitrate= 485.6kbits/s speed=0.183x elapsed=0:02:45.37    
frame=  912 fps=5.5 q=29.0 size=    1792KiB time=00:00:30.33 bitrate= 484.0kbits/s speed=0.183x elapsed=0:02:45.90    
frame=  915 fps=5.5 q=29.0 size=    1792KiB time=00:00:30.43 bitrate= 482.4kbits/s speed=0.183x elapsed=0:02:46.41    
frame=  917 fps=5.5 q=29.0 size=    1792KiB time=00:00:30.50 bitrate= 481.3kbits/s speed=0.183x elapsed=0:02:46.93    
frame=  920 fps=5.5 q=29.0 size=    1792KiB time=00:00:30.60 bitrate= 479.8kbits/s speed=0.183x elapsed=0:02:47.45    
frame=  923 fps=5.5 q=29.0 size=    1792KiB time=00:00:30.70 bitrate= 478.2kbits/s speed=0.183x elapsed=0:02:47.98    
frame=  926 fps=5.5 q=29.0 size=    1792KiB time=00:00:30.80 bitrate= 476.6kbits/s speed=0.183x elapsed=0:02:48.50    
frame=  928 fps=5.5 q=29.0 size=    1792KiB time=00:00:30.86 bitrate= 475.6kbits/s speed=0.183x elapsed=0:02:49.01    
frame=  931 fps=5.5 q=29.0 size=    1792KiB time=00:00:30.96 bitrate= 474.1kbits/s speed=0.183x elapsed=0:02:49.54    
frame=  934 fps=5.5 q=29.0 size=    1792KiB time=00:00:31.06 bitrate= 472.5kbits/s speed=0.183x elapsed=0:02:50.09    
frame=  937 fps=5.5 q=29.0 size=    1792KiB time=00:00:31.16 bitrate= 471.0kbits/s speed=0.183x elapsed=0:02:50.61    
frame=  940 fps=5.5 q=29.0 size=    1792KiB time=00:00:31.26 bitrate= 469.5kbits/s speed=0.183x elapsed=0:02:51.13    
frame=  943 fps=5.5 q=29.0 size=    1792KiB time=00:00:31.36 bitrate= 468.0kbits/s speed=0.183x elapsed=0:02:51.65    
frame=  945 fps=5.5 q=29.0 size=    1792KiB time=00:00:31.43 bitrate= 467.0kbits/s speed=0.183x elapsed=0:02:52.17    
frame=  948 fps=5.5 q=29.0 size=    1792KiB time=00:00:31.53 bitrate= 465.6kbits/s speed=0.183x elapsed=0:02:52.68    
frame=  951 fps=5.5 q=29.0 size=    1792KiB time=00:00:31.63 bitrate= 464.1kbits/s speed=0.183x elapsed=0:02:53.21    
frame=  954 fps=5.5 q=29.0 size=    1792KiB time=00:00:31.73 bitrate= 462.6kbits/s speed=0.183x elapsed=0:02:53.72    
frame=  956 fps=5.5 q=29.0 size=    1792KiB time=00:00:31.80 bitrate= 461.6kbits/s speed=0.183x elapsed=0:02:54.24    
frame=  959 fps=5.5 q=29.0 size=    1792KiB time=00:00:31.90 bitrate= 460.2kbits/s speed=0.183x elapsed=0:02:54.75    
frame=  962 fps=5.5 q=29.0 size=    1792KiB time=00:00:32.00 bitrate= 458.8kbits/s speed=0.183x elapsed=0:02:55.28    
frame=  965 fps=5.5 q=29.0 size=    1792KiB time=00:00:32.10 bitrate= 457.3kbits/s speed=0.183x elapsed=0:02:55.80    
frame=  967 fps=5.5 q=29.0 size=    1792KiB time=00:00:32.13 bitrate= 456.9kbits/s speed=0.182x elapsed=0:02:56.31    
frame=  968 fps=5.5 q=29.0 size=    1792KiB time=00:00:32.20 bitrate= 455.9kbits/s speed=0.182x elapsed=0:02:56.84    
frame=  969 fps=5.5 q=29.0 size=    1792KiB time=00:00:32.23 bitrate= 455.4kbits/s speed=0.182x elapsed=0:02:57.41    
frame=  972 fps=5.5 q=29.0 size=    1792KiB time=00:00:32.33 bitrate= 454.0kbits/s speed=0.182x elapsed=0:02:57.96    
frame=  974 fps=5.5 q=29.0 size=    1792KiB time=00:00:32.40 bitrate= 453.1kbits/s speed=0.182x elapsed=0:02:58.48    
frame=  977 fps=5.5 q=29.0 size=    1792KiB time=00:00:32.50 bitrate= 451.7kbits/s speed=0.182x elapsed=0:02:59.00    
frame=  981 fps=5.5 q=29.0 size=    1792KiB time=00:00:32.63 bitrate= 449.9kbits/s speed=0.182x elapsed=0:02:59.52    
frame=  986 fps=5.5 q=29.0 size=    1792KiB time=00:00:32.80 bitrate= 447.6kbits/s speed=0.182x elapsed=0:03:00.03    
frame=  989 fps=5.5 q=29.0 size=    1792KiB time=00:00:32.90 bitrate= 446.2kbits/s speed=0.182x elapsed=0:03:00.54    
frame=  992 fps=5.5 q=29.0 size=    1792KiB time=00:00:33.00 bitrate= 444.9kbits/s speed=0.182x elapsed=0:03:01.07    
frame= 1018 fps=5.6 q=29.0 size=    2048KiB time=N/A bitrate=N/A speed=N/A elapsed=0:03:01.57    
[mp4 @ 0000029bb0eb3e80] Starting second pass: moving the moov atom to the beginning of the file
[out#0/mp4 @ 0000029bb08f4240] video:1328KiB audio:830KiB subtitle:0KiB other streams:0KiB global headers:0KiB muxing overhead: 1.781277%
frame= 1050 fps=5.8 q=-1.0 Lsize=    2197KiB time=00:00:34.93 bitrate= 515.1kbits/s speed=0.192x elapsed=0:03:01.86    
[libx264 @ 0000029bb0eb5980] frame I:5     Avg QP:13.36  size:196025
[libx264 @ 0000029bb0eb5980] frame P:267   Avg QP:13.78  size:   983
[libx264 @ 0000029bb0eb5980] frame B:778   Avg QP:14.93  size:   149
[libx264 @ 0000029bb0eb5980] consecutive B-frames:  0.6%  0.8%  3.4% 95.2%
[libx264 @ 0000029bb0eb5980] mb I  I16..4: 17.7% 49.1% 33.2%
[libx264 @ 0000029bb0eb5980] mb P  I16..4:  0.4%  0.4%  0.2%  P16..4:  1.2%  0.2%  0.1%  0.0%  0.0%    skip:97.6%
[libx264 @ 0000029bb0eb5980] mb B  I16..4:  0.0%  0.0%  0.0%  B16..8:  0.7%  0.0%  0.0%  direct: 0.2%  skip:99.1%  L0:48.5% L1:49.9% BI: 1.6%
[libx264 @ 0000029bb0eb5980] 8x8 transform intra:47.3% inter:86.0%
[libx264 @ 0000029bb0eb5980] coded y,uvDC,uvAC intra: 34.9% 47.4% 33.3% inter: 0.1% 0.3% 0.0%
[libx264 @ 0000029bb0eb5980] i16 v,h,dc,p: 18% 35%  4% 43%
[libx264 @ 0000029bb0eb5980] i8 v,h,dc,ddl,ddr,vr,hd,vl,hu: 29% 26% 15%  5%  5%  5%  5%  3%  6%
[libx264 @ 0000029bb0eb5980] i4 v,h,dc,ddl,ddr,vr,hd,vl,hu: 30% 23% 11%  5%  8%  7%  6%  4%  6%
[libx264 @ 0000029bb0eb5980] i8c dc,h,v,p: 57% 25% 13%  5%
[libx264 @ 0000029bb0eb5980] Weighted P-Frames: Y:0.0% UV:0.0%
[libx264 @ 0000029bb0eb5980] ref P L0: 90.5%  3.9%  3.8%  1.7%
[libx264 @ 0000029bb0eb5980] ref B L0: 11.6% 87.4%  1.0%
[libx264 @ 0000029bb0eb5980] ref B L1: 98.6%  1.4%
[libx264 @ 0000029bb0eb5980] kb/s:310.62
[aac @ 0000029bb2a90980] Qavg: 2197.951
